---
source: src/tui/renderer.rs
expression: buffer_to_string(&terminal)
---
┌Commands────────────────────────────────────────┐
│ test                                           │
├────────────────────────────────────────────────┤
│[stdout] hello world                            │
│[stderr] error message                          │
│[stdout] another line                           │
│                                                │
│                                                │
│                                                │
│                                                │
└────────────────────────────────────────────────┘
 NORMAL | Auto-scroll: OFF | h/l:tabs j/k:scroll /
