---
source: src/tui/renderer.rs
assertion_line: 230
expression: buffer_to_string(&terminal)
---
┌Commands──────────────────────────────┐
│ echo hello                           │
└──────────────────────────────────────┘
┌Output────────────────────────────────┐
│                                      │
│                                      │
│                                      │
│                                      │
└──────────────────────────────────────┘
 NORMAL | Auto-scroll: ON | h/l:tabs j/k
