---
source: src/tui/renderer.rs
expression: buffer_to_string(&terminal)
---
┌Commands────────────────────────────────────────┐
│ test                                           │
├────────────────────────────────────────────────┤
│                                                │
│                                                │
│                                                │
└────────────────────────────────────────────────┘
 NORMAL | Auto-scroll: ON | C-h/l:tabs h/l:horiz j
