---
source: src/tui/renderer.rs
expression: buffer_to_string(&terminal)
---
┌Commands────────────────────────────────────────┐
│ test                                           │
├────────────────────────────────────────────────┤
│                                                │
│                                                │
│                                                │
└────────────────────────────────────────────────┘
 NORMAL | Auto-scroll: ON | h/l:tabs j/k:scroll /:
